Wed Feb 18 16:09:51 2026       
+-----------------------------------------------------------------------------------------+
| NVIDIA-SMI 580.82.07              Driver Version: 580.82.07      CUDA Version: 13.0     |
+-----------------------------------------+------------------------+----------------------+
| GPU  Name                 Persistence-M | Bus-Id          Disp.A | Volatile Uncorr. ECC |
| Fan  Temp   Perf          Pwr:Usage/Cap |           Memory-Usage | GPU-Util  Compute M. |
|                                         |                        |               MIG M. |
|=========================================+========================+======================|
|   0  Tesla V100-PCIE-32GB           On  |   00000000:3B:00.0 Off |                    0 |
| N/A   27C    P0             24W /  250W |       0MiB /  32768MiB |      0%      Default |
|                                         |                        |                  N/A |
+-----------------------------------------+------------------------+----------------------+

+-----------------------------------------------------------------------------------------+
| Processes:                                                                              |
|  GPU   GI   CI              PID   Type   Process name                        GPU Memory |
|        ID   ID                                                               Usage      |
|=========================================================================================|
|  No running processes found                                                             |
+-----------------------------------------------------------------------------------------+
[Step1] Filtering outlier gRNAs
--- Configuration Loaded ---
{
    "output_file_name_list": {
        "OUTPUT_FOLDER": "/project/GCRB/Hon_lab/s223695/Data_project/Perturb_seq_edist_pipeline/stable_version/pipeline_output",
        "targeting_outlier_table": "targeting_outlier_table.csv",
        "non_targeting_outlier_table": "non_targeting_outlier_table.csv",
        "edist_pvalue_table": "pval_edist_full.csv",
        "edist_target_by_target_matrix": "target_by_target_matrix.csv",
        "edist_embedding_info": "edist_embedding_info.csv",
        "pca_table": "pca_dataframe.pickle",
        "gRNA_dict": "gRNA_dictionary.pickle",
        "discordance_gRNA_table": "discordance_gRNA.csv",
        "OVERWRITE_PCA_DICT": true
    },
    "input_data": {
        "annotation_file": {
            "file_path": "/project/GCRB/Hon_lab/s223695/Data_project/Perturb_seq_edist_pipeline/stable_version/ref/annotation_file_table.csv",
            "concatenate_key": "intended_target_name"
        },
        "h5ad_file": {
            "file_path": "/project/shared/gcrb_igvf/data/shared/TF_Perturbseq_full/H5AD/V0.1_TF_Perturbseq_full_sgRNACells_filtered_w_embedding_full_dataset.h5ad",
            "obsm_key": "X_pca"
        },
        "sgRNA_file": {
            "file_path": "/project/GCRB/Hon_lab/s215194/Single_Cell/TF_perturbseq_full/_all_lanes_combined/aggr_dataframe/aggr_combined_df_full.pkl"
        }
    },
    "gRNA_filtering": {
        "perform_targeting_filtering": true,
        "perform_nontargeting_filtering": true,
        "threshold_gRNA_num": 6,
        "combi_count": 4,
        "total_permute_disco": 1000,
        "combi_cell_num_max": 1000,
        "batch_num_basic": 120
    },
    "permutation_test": {
        "permute_per_bg": 1000,
        "num_of_bg": 20,
        "non_target_pick": 2000,
        "target_cell_num_max": 2000,
        "batch_num_basic": 200,
        "use_matched_bg": false
    },
    "aggregate": {
        "downsampling_maximum": 10000
    }
}
--------------------------
--- Processing PCA data ---
Overwrite specified. Loading PCA from AnnData (will overwrite '/project/GCRB/Hon_lab/s223695/Data_project/Perturb_seq_edist_pipeline/stable_version/pipeline_output/pca_dataframe.pickle').
Loading input file '/project/shared/gcrb_igvf/data/shared/TF_Perturbseq_full/H5AD/V0.1_TF_Perturbseq_full_sgRNACells_filtered_w_embedding_full_dataset.h5ad'...
Extracting PCA data from 'X_pca'...
Saving PCA data to '/project/GCRB/Hon_lab/s223695/Data_project/Perturb_seq_edist_pipeline/stable_version/pipeline_output/pca_dataframe.pickle'...
Releasing AnnData object from memory.

--- Processing gRNA dictionary ---
Overwrite specified. Creating dictionary from sgRNA data (will overwrite '/project/GCRB/Hon_lab/s223695/Data_project/Perturb_seq_edist_pipeline/stable_version/pipeline_output/gRNA_dictionary.pickle').
Loading sgRNA file '/project/GCRB/Hon_lab/s215194/Single_Cell/TF_perturbseq_full/_all_lanes_combined/aggr_dataframe/aggr_combined_df_full.pkl'...
Transposing sgRNA data and filtering by cells present in input data...
Extracting non-zero count cell-gRNA pairs...
Creating gRNA dictionary (improved method)...
gRNA dictionary creation complete. Found 11634 types of gRNAs.
Saving gRNA dictionary to '/project/GCRB/Hon_lab/s223695/Data_project/Perturb_seq_edist_pipeline/stable_version/pipeline_output/gRNA_dictionary.pickle'...
Releasing sgRNA data from memory.

--- Processing finished ---
Load csv formated annotation file
annotation file loaded
--------
safe-targeting: 0 gRNAs
non-targeting: 600 gRNAs
targeting: 13142 gRNAs
positive control: 18 gRNAs
negative control: 598 gRNAs
variant: 0 gRNAs
11634 gRNAs are found in both annotation and gRNA_dict
2724 gRNAs are found only in annotation (possibly dropout)
0 gRNAs are found only in gRNA_dict
Processing 2227 target regions...
Note: Downsampling was applied for target(s): PSIP1:P1P2
Note: Downsampling was applied for target(s): ZNF571:P1P2
Note: Downsampling was applied for target(s): E2F8:P1P2
Note: Downsampling was applied for target(s): HAND1:P1P2
Note: Downsampling was applied for target(s): MYB:P1P2
Note: Downsampling was applied for target(s): UBTF:P1P2
Note: Downsampling was applied for target(s): TLX3:P1P2
Note: Downsampling was applied for target(s): POU6F1:P1P2
Note: Downsampling was applied for target(s): ASCL2:P1P2
Note: Downsampling was applied for target(s): RERE:P1P2
Note: Downsampling was applied for target(s): ZFP69:P1P2
Note: Downsampling was applied for target(s): CNBP:P1P2
Note: Downsampling was applied for target(s): RHOXF2:ENST00000371388.3
Skipping target 'CGGBP1:P1': Needs at least 2 gRNAs, found 1.
Note: Downsampling was applied for target(s): TOPORS:P1P2
Note: Downsampling was applied for target(s): NR4A3:P1P2
Note: Downsampling was applied for target(s): CCDC169-SOHLH2:P1P2
Note: Downsampling was applied for target(s): GFI1:P2
Note: Downsampling was applied for target(s): BHLHE40:P1P2
Note: Downsampling was applied for target(s): PAX9:P2
Note: Downsampling was applied for target(s): HES6:P1P2
Note: Downsampling was applied for target(s): UBN1:P1P2
Note: Downsampling was applied for target(s): BID:P1P2
Note: Downsampling was applied for target(s): NME1-NME2:P1P2
Note: Downsampling was applied for target(s): JRK:P1
Note: Downsampling was applied for target(s): DMRTB1:P1P2
Note: Downsampling was applied for target(s): ZNF226:P2
Note: Downsampling was applied for target(s): CEBPA:P1P2
Note: Downsampling was applied for target(s): ZNF683:P1P2
Note: Downsampling was applied for target(s): ZNF212:P1P2
Note: Downsampling was applied for target(s): MSANTD1:P1P2
Note: Downsampling was applied for target(s): SOX2:P1P2
Note: Downsampling was applied for target(s): TCEB3:P1P2
Note: Downsampling was applied for target(s): ZNF684:P1P2
Note: Downsampling was applied for target(s): BOLA2:ENST00000330978.3
Note: Downsampling was applied for target(s): ZNF564:P1P2
Note: Downsampling was applied for target(s): SPIB:P1P2
Note: Downsampling was applied for target(s): HMX1:P1P2
Note: Downsampling was applied for target(s): ZBTB25:P1P2
Note: Downsampling was applied for target(s): SOX12:P1P2
Note: Downsampling was applied for target(s): TCF12:P1
Note: Downsampling was applied for target(s): ZNF385A:P2
Note: Downsampling was applied for target(s): NFKBIZ:P1
Note: Downsampling was applied for target(s): ZNF18:P1P2
Note: Downsampling was applied for target(s): SOX8:P1P2
Note: Downsampling was applied for target(s): EZH1:P1P2
Note: Downsampling was applied for target(s): ZNF565:P1P2
Note: Downsampling was applied for target(s): PRKRIP1:P2
Note: Downsampling was applied for target(s): MAP3K7:P1P2
Note: Downsampling was applied for target(s): ZNF354B:P1P2
Note: Downsampling was applied for target(s): FOXD1:P1P2
Note: Downsampling was applied for target(s): HOXB13:P1P2
Note: Downsampling was applied for target(s): CUX2:P1P2
Note: Downsampling was applied for target(s): HOPX:P2
Note: Downsampling was applied for target(s): DPF1:P2
Note: Downsampling was applied for target(s): NR0B1:P1P2
Note: Downsampling was applied for target(s): DMRT3:P1P2
Note: Downsampling was applied for target(s): RBAK:P1
Note: Downsampling was applied for target(s): ZNF439:P1P2
Skipping target 'SMARCC1:P1P2': Needs at least 2 gRNAs, found 1.
Note: Downsampling was applied for target(s): KCNIP3:ENST00000468529.1
Note: Downsampling was applied for target(s): HOXC9:P1P2
Note: Downsampling was applied for target(s): TADA2B:P1P2
Note: Downsampling was applied for target(s): FBXL19:P1P2
Note: Downsampling was applied for target(s): ZNF438:P1
Note: Downsampling was applied for target(s): ZNF707:P1P2
Note: Downsampling was applied for target(s): HLF:P1
Note: Downsampling was applied for target(s): MLXIP:P1P2
Skipping target 'SMARCC2:P1P2': Needs at least 2 gRNAs, found 1.
Note: Downsampling was applied for target(s): ZFY:P1P2
Note: Downsampling was applied for target(s): ATN1:P1P2
Note: Downsampling was applied for target(s): MAFF:P1P2
Note: Downsampling was applied for target(s): WT1:P1P2
Note: Downsampling was applied for target(s): GATA2:P1
Note: Downsampling was applied for target(s): FLYWCH1:P1P2
Note: Downsampling was applied for target(s): SOX4:P1
Note: Downsampling was applied for target(s): SMAD6:P1P2
Note: Downsampling was applied for target(s): ARX:P2
Skipping target 'CD29': Needs at least 2 gRNAs, found 1.
Note: Downsampling was applied for target(s): IKZF3:P1P2
Note: Downsampling was applied for target(s): NCOA1:P1P2
Skipping target 'GTF2H2:ENST00000274400.5,ENST00000330280.7': Needs at least 2 gRNAs, found 1.
Note: Downsampling was applied for target(s): TULP1:P1P2
Note: Downsampling was applied for target(s): PBX1:P1P2
Note: Downsampling was applied for target(s): HSFX1:ENST00000370416.4
Note: Downsampling was applied for target(s): ZNF787:P1P2
Skipping target 'PSMB1:P1P2': Needs at least 2 gRNAs, found 1.
Note: Downsampling was applied for target(s): NMI:P1P2
Skipping target 'SRCAP:P1P2': Needs at least 2 gRNAs, found 1.
Note: Downsampling was applied for target(s): ZNF197:P1P2
Note: Downsampling was applied for target(s): REST:P2
Note: Downsampling was applied for target(s): KLF12:P1P2
Note: Downsampling was applied for target(s): ESRRG:ENST00000366940.2,ENST00000493603.1
Skipping target 'CBFA2T3:P1': Needs at least 2 gRNAs, found 1.
Note: Downsampling was applied for target(s): KLF6:P1P2
Note: Downsampling was applied for target(s): FOXC2:P1P2
Note: Downsampling was applied for target(s): ZFP3:P1P2
Note: Downsampling was applied for target(s): ZFP64:P1P2
Note: Downsampling was applied for target(s): ZNF133:P1P2
Note: Downsampling was applied for target(s): SP6:P1P2
Note: Downsampling was applied for target(s): ZNF677:P1P2
Note: Downsampling was applied for target(s): NFATC2:P1
Note: Downsampling was applied for target(s): PLAGL1:P2
Note: Downsampling was applied for target(s): PTF1A:P1P2
Skipping target 'IGHMBP2:P1P2': Needs at least 2 gRNAs, found 1.
Skipping target 'MSLN:P1P2': Needs at least 2 gRNAs, found 1.
Note: Downsampling was applied for target(s): NEUROD1:P1P2
Skipping target 'NGFRAP1': Needs at least 2 gRNAs, found 1.
Note: Downsampling was applied for target(s): CDCA7L:P1P2
Skipping target 'PHB2:P1P2': Needs at least 2 gRNAs, found 1.
Note: Downsampling was applied for target(s): AHCY:P1P2
Note: Downsampling was applied for target(s): IRF5:P1
Note: Downsampling was applied for target(s): AFF4:P1P2
Note: Downsampling was applied for target(s): ZNF843:P1P2
Note: Downsampling was applied for target(s): ZSCAN1:P1P2
Note: Downsampling was applied for target(s): TP53:P1P2
Note: Downsampling was applied for target(s): PA2G4:P1P2
Note: Downsampling was applied for target(s): MSX1:P1P2
Note: Downsampling was applied for target(s): ZNF503:P1P2
Note: Downsampling was applied for target(s): ZNF580:P2
Note: Downsampling was applied for target(s): HSFY1:ENST00000307393.2
Note: Downsampling was applied for target(s): MTF1:P1P2
Note: Downsampling was applied for target(s): BNC1:P1P2
Note: Downsampling was applied for target(s): RCOR1:P1P2
Note: Downsampling was applied for target(s): VDR:P1P2
Note: Downsampling was applied for target(s): ZNF664:P1P2
Note: Downsampling was applied for target(s): GBX1:P1
Note: Downsampling was applied for target(s): HOXB9:P1P2
Note: Downsampling was applied for target(s): ZNF583:P1P2
Note: Downsampling was applied for target(s): DMRTA2:P1P2
Note: Downsampling was applied for target(s): ZNF16:P1P2
Note: Downsampling was applied for target(s): ZXDB:P1P2
Note: Downsampling was applied for target(s): HAND2:P2
Note: Downsampling was applied for target(s): GLIS3:P1P2
Note: Downsampling was applied for target(s): ZNF778:P1P2
Note: Downsampling was applied for target(s): ZNF318:P1P2
Note: Downsampling was applied for target(s): ZBTB38:P1
Skipping target 'CXXC1:P1P2': Needs at least 2 gRNAs, found 1.
Note: Downsampling was applied for target(s): THYN1:P1P2
Note: Downsampling was applied for target(s): SHOX:P1P2
Note: Downsampling was applied for target(s): STAT1:P1P2
Note: Downsampling was applied for target(s): ZNF559-ZNF177:P1P2
Note: Downsampling was applied for target(s): AFF1:P1P2
Note: Downsampling was applied for target(s): MNX1:P1P2
Note: Downsampling was applied for target(s): ZNF792:P1P2
Skipping target 'TSHZ2:P1P2': Needs at least 2 gRNAs, found 1.
Note: Downsampling was applied for target(s): JUNB:P1P2
Note: Downsampling was applied for target(s): PITX3:P1P2
Note: Downsampling was applied for target(s): ZBTB26:P1P2
Note: Downsampling was applied for target(s): DMRTA1:P1P2
Note: Downsampling was applied for target(s): ESR2:P1P2
Note: Downsampling was applied for target(s): TEAD2:P1P2
Note: Downsampling was applied for target(s): ZNF70:P1P2
Note: Downsampling was applied for target(s): ZNF398:P1P2
Note: Downsampling was applied for target(s): ALX3:P1P2
Note: Downsampling was applied for target(s): ZKSCAN2:P1P2
Note: Downsampling was applied for target(s): ZFP28:P1P2
Note: Downsampling was applied for target(s): CHAMP1:P1P2
Note: Downsampling was applied for target(s): GSX1:P1P2
Skipping target 'NCL:P1': Needs at least 2 gRNAs, found 1.
Skipping target 'GTF2F2:P1P2': Needs at least 2 gRNAs, found 1.
Note: Downsampling was applied for target(s): NKX1-1:ENST00000422806.1
Note: Downsampling was applied for target(s): BHLHA9:P1P2
Skipping target 'WDHD1:P1P2': Needs at least 2 gRNAs, found 1.
Note: Downsampling was applied for target(s): RARA:P1
Note: Downsampling was applied for target(s): ZNF322:P1P2
Note: Downsampling was applied for target(s): ZNF226:P1
Note: Downsampling was applied for target(s): ZNF543:P1P2
Note: Downsampling was applied for target(s): ZNF582:P1P2
Skipping target 'CRTC3:P1P2': Needs at least 2 gRNAs, found 1.
Note: Downsampling was applied for target(s): PCGF2:P2
Note: Downsampling was applied for target(s): MBD4:P1P2
Skipping target 'ZNF20:P1': Needs at least 2 gRNAs, found 1.
Skipping target 'NCOA3:P1P2': Needs at least 2 gRNAs, found 1.
Note: Downsampling was applied for target(s): EBF2:P1P2
Note: Downsampling was applied for target(s): GAS7:ENST00000432992.2
Note: Downsampling was applied for target(s): PLAGL2:P1P2
Note: Downsampling was applied for target(s): ZNF747:P1P2
Note: Downsampling was applied for target(s): ZNF655:P1P2
Note: Downsampling was applied for target(s): CRTC2:P1P2
Note: Downsampling was applied for target(s): ESR1:P2
Note: Downsampling was applied for target(s): ZFP37:P1P2
Skipping target 'RELB:P1P2': Needs at least 2 gRNAs, found 1.
Note: Downsampling was applied for target(s): ZNF837:P1P2
Note: Downsampling was applied for target(s): IKZF4:P1
Skipping target 'E2F3:P2': Needs at least 2 gRNAs, found 1.
Skipping target 'ARID1B:P1': Needs at least 2 gRNAs, found 1.
Note: Downsampling was applied for target(s): PEG3:P1P2
Skipping target 'ZFYVE20:P1P2': Needs at least 2 gRNAs, found 1.
Skipping target 'E4F1:P1P2': Needs at least 2 gRNAs, found 1.
Skipping target 'MTA1:P1P2': Needs at least 2 gRNAs, found 1.
Note: Downsampling was applied for target(s): LHX3:P2
Note: Downsampling was applied for target(s): SMAD2:P1P2
Note: Downsampling was applied for target(s): ZBTB42:P1P2
Skipping target 'MARS:P1P2': Needs at least 2 gRNAs, found 1.
Note: Downsampling was applied for target(s): KLF14:P1P2
Note: Downsampling was applied for target(s): YBX3:P1P2
Note: Downsampling was applied for target(s): BACH1:P1P2
Skipping target 'ZNF592:P1P2': Needs at least 2 gRNAs, found 1.
Note: Downsampling was applied for target(s): CD151
Note: Downsampling was applied for target(s): SOX11:P1P2
Note: Downsampling was applied for target(s): GLYR1:P1P2
Note: Downsampling was applied for target(s): YWHAE:P1P2
Note: Downsampling was applied for target(s): ETS1:P1P2
Note: Downsampling was applied for target(s): ESRRG:ENST00000359162.2,ENST00000361525.3
Note: Downsampling was applied for target(s): REPIN1:P1P2
Skipping target 'ZNF207:P1': Needs at least 2 gRNAs, found 1.
Note: Downsampling was applied for target(s): BAZ2A:P1
Note: Downsampling was applied for target(s): MYEF2:P1P2
Skipping target 'ADNP:P1P2': Needs at least 2 gRNAs, found 1.
Note: Downsampling was applied for target(s): MEF2B:P1P2
Note: Downsampling was applied for target(s): TSHZ3:P1P2
Note: Downsampling was applied for target(s): ZNF202:P1P2
Skipping target 'HIRA:P2': Needs at least 2 gRNAs, found 1.
Note: Downsampling was applied for target(s): ZSCAN18:P2
Note: Downsampling was applied for target(s): CC2D1A:P1P2
Note: Downsampling was applied for target(s): ARNTL2:P1P2
Skipping target 'GMEB1:P1P2': Needs at least 2 gRNAs, found 1.
Skipping target 'POU5F1:P1': Needs at least 2 gRNAs, found 1.
Skipping target 'DAXX:P1': Needs at least 2 gRNAs, found 1.
Note: Downsampling was applied for target(s): ZNF354A:P1P2
Note: Downsampling was applied for target(s): EPAS1:P1P2
Skipping target 'CBFB:P1P2': Needs at least 2 gRNAs, found 1.
Note: Downsampling was applied for target(s): ZNF691:P1P2
Note: Downsampling was applied for target(s): ZNF57:P1P2
Note: Downsampling was applied for target(s): THAP4:P1P2
Skipping target 'DMAP1:P1P2': Needs at least 2 gRNAs, found 1.
Skipping target 'PPP1CB:P1P2': Needs at least 2 gRNAs, found 1.
Skipping target 'TAF13:P1P2': Needs at least 2 gRNAs, found 1.
Skipping target 'ERG:P2': Needs at least 2 gRNAs, found 1.
Note: Downsampling was applied for target(s): CSRNP1:P1P2
Skipping target 'ZNF709:P1P2': Needs at least 2 gRNAs, found 1.
Note: Downsampling was applied for target(s): TBX15:P1P2
Note: Downsampling was applied for target(s): MTA2:P1P2
Note: Downsampling was applied for target(s): RBL2:P1
Note: Downsampling was applied for target(s): CHD7:P1P2
Note: Downsampling was applied for target(s): APITD1:P1P2
Skipping target 'SON:P1': Needs at least 2 gRNAs, found 1.
Note: Downsampling was applied for target(s): MYCBP:P1P2
Note: Downsampling was applied for target(s): E2F7:P1P2
Note: Downsampling was applied for target(s): ZNF460:P1P2
Skipping target 'TFRC': Needs at least 2 gRNAs, found 1.
Skipping target 'CBFA2T2:P1P2': Needs at least 2 gRNAs, found 1.
Note: Downsampling was applied for target(s): AHR:P1P2
Skipping target 'CD55': Needs at least 2 gRNAs, found 1.
Note: Downsampling was applied for target(s): LMO1:P1
Note: Downsampling was applied for target(s): NFATC1:P1
Note: Downsampling was applied for target(s): ZNF280D:P1P2
Skipping target 'WHSC1:P1P2': Needs at least 2 gRNAs, found 1.
Note: Downsampling was applied for target(s): ZNF623:P1P2
Skipping target 'XRCC6:P1P2': Needs at least 2 gRNAs, found 1.
Note: Downsampling was applied for target(s): NEUROG3:P1P2
Skipping target 'NFKB1:P1P2': Needs at least 2 gRNAs, found 1.
Skipping target 'ZNF704:P1P2': Needs at least 2 gRNAs, found 1.
Skipping target 'ZNF142:P1P2': Needs at least 2 gRNAs, found 1.
Note: Downsampling was applied for target(s): CREBZF:P1P2
Note: Downsampling was applied for target(s): PCGF2:P1
Skipping target 'ZNF444:P1P2': Needs at least 2 gRNAs, found 1.
Note: Downsampling was applied for target(s): CD81
Note: Downsampling was applied for target(s): MBD6:P1P2
Note: Downsampling was applied for target(s): E2F3:P1
Note: Downsampling was applied for target(s): PAX8:P1P2
Note: Downsampling was applied for target(s): ZKSCAN7:P1P2
Note: Downsampling was applied for target(s): NKX2-4:P1P2
Skipping target 'PUF60:P1P2': Needs at least 2 gRNAs, found 1.
Skipping target 'CREM:ENST00000395895.2': Needs at least 2 gRNAs, found 1.
Note: Downsampling was applied for target(s): FOXE1:P1P2
Skipping target 'B2M': Needs at least 2 gRNAs, found 1.
Note: Downsampling was applied for target(s): AIRE:P1P2
Skipping target 'EBF4:P1P2': Needs at least 2 gRNAs, found 1.
Skipping target 'MALAT1': Needs at least 2 gRNAs, found 1.
Skipping target 'ZNF395:P1P2': Needs at least 2 gRNAs, found 1.
Skipping target 'DNAJC21:P1P2': Needs at least 2 gRNAs, found 1.
Skipping target 'GLI2:ENST00000452319.1': Needs at least 2 gRNAs, found 1.
Skipping target 'KLF16:P1P2': Needs at least 2 gRNAs, found 1.
Skipping target 'MYRF:P1': Needs at least 2 gRNAs, found 1.
Skipping target 'HDGF:P1P2': Needs at least 2 gRNAs, found 1.
Skipping target 'SOX18:P1P2': Needs at least 2 gRNAs, found 1.
Skipping target 'TERF2:P1P2': Needs at least 2 gRNAs, found 1.
Skipping target 'PURG:P1P2': Needs at least 2 gRNAs, found 1.
Skipping target 'OR9Q1': Needs at least 2 gRNAs, found 1.
Skipping target 'CTNNB1:P1P2': Needs at least 2 gRNAs, found 1.
Skipping target 'PFDN5:P1P2': Needs at least 2 gRNAs, found 1.
Skipping target 'SACM1L:P1P2': Needs at least 2 gRNAs, found 1.
Skipping target 'SMARCA5:P1P2': Needs at least 2 gRNAs, found 1.
Skipping target 'DNMT1:P1P2': Needs at least 2 gRNAs, found 1.
Skipping target 'CDK1:P1P2': Needs at least 2 gRNAs, found 1.
Skipping target 'ZNF700:P1P2': Needs at least 2 gRNAs, found 1.

All target regions processed.
Starting Step 2: Disco Tests and Hypergeometric Outlier Calculation...

Finished processing all targets.
Aggregating results and saving to CSV...
Successfully saved outlier p-values to '/project/GCRB/Hon_lab/s223695/Data_project/Perturb_seq_edist_pipeline/stable_version/pipeline_output/targeting_outlier_table.csv'
Num of non-targeting gRNAs: 582
k-means analysis of non-targeting
[0 1 2] [530   1  51]
largest group:  0
largest group ratio:  0.911
[Step2] calculate energy distance between targets and non-targeting
--- Configuration Loaded ---
{
    "output_file_name_list": {
        "OUTPUT_FOLDER": "/project/GCRB/Hon_lab/s223695/Data_project/Perturb_seq_edist_pipeline/stable_version/pipeline_output",
        "targeting_outlier_table": "targeting_outlier_table.csv",
        "non_targeting_outlier_table": "non_targeting_outlier_table.csv",
        "edist_pvalue_table": "pval_edist_full.csv",
        "edist_target_by_target_matrix": "target_by_target_matrix.csv",
        "edist_embedding_info": "edist_embedding_info.csv",
        "pca_table": "pca_dataframe.pickle",
        "gRNA_dict": "gRNA_dictionary.pickle",
        "discordance_gRNA_table": "discordance_gRNA.csv",
        "OVERWRITE_PCA_DICT": true
    },
    "input_data": {
        "annotation_file": {
            "file_path": "/project/GCRB/Hon_lab/s223695/Data_project/Perturb_seq_edist_pipeline/stable_version/ref/annotation_file_table.csv",
            "concatenate_key": "intended_target_name"
        },
        "h5ad_file": {
            "file_path": "/project/shared/gcrb_igvf/data/shared/TF_Perturbseq_full/H5AD/V0.1_TF_Perturbseq_full_sgRNACells_filtered_w_embedding_full_dataset.h5ad",
            "obsm_key": "X_pca"
        },
        "sgRNA_file": {
            "file_path": "/project/GCRB/Hon_lab/s215194/Single_Cell/TF_perturbseq_full/_all_lanes_combined/aggr_dataframe/aggr_combined_df_full.pkl"
        }
    },
    "gRNA_filtering": {
        "perform_targeting_filtering": true,
        "perform_nontargeting_filtering": true,
        "threshold_gRNA_num": 6,
        "combi_count": 4,
        "total_permute_disco": 1000,
        "combi_cell_num_max": 1000,
        "batch_num_basic": 120
    },
    "permutation_test": {
        "permute_per_bg": 1000,
        "num_of_bg": 20,
        "non_target_pick": 2000,
        "target_cell_num_max": 2000,
        "batch_num_basic": 200,
        "use_matched_bg": false
    },
    "aggregate": {
        "downsampling_maximum": 10000
    }
}
--------------------------
--- Processing PCA data ---
Loading existing PCA file '/project/GCRB/Hon_lab/s223695/Data_project/Perturb_seq_edist_pipeline/stable_version/pipeline_output/pca_dataframe.pickle'.

--- Processing gRNA dictionary ---
Loading existing gRNA dictionary file '/project/GCRB/Hon_lab/s223695/Data_project/Perturb_seq_edist_pipeline/stable_version/pipeline_output/gRNA_dictionary.pickle'.
gRNA dictionary loaded successfully. Found 11634 types of gRNAs.

--- Processing finished ---
Load csv formated annotation file
annotation file loaded
--------
safe-targeting: 0 gRNAs
non-targeting: 600 gRNAs
targeting: 13142 gRNAs
positive control: 18 gRNAs
negative control: 598 gRNAs
variant: 0 gRNAs
11634 gRNAs are found in both annotation and gRNA_dict
2724 gRNAs are found only in annotation (possibly dropout)
0 gRNAs are found only in gRNA_dict
Total: 2155
Use non-targeting background

Saving intermediate results after processing 10 regions...
Intermediate results saved.


Saving intermediate results after processing 20 regions...
Intermediate results saved.


Saving intermediate results after processing 30 regions...
Intermediate results saved.

Too many (2268) cell per target downsampled to 2000

Saving intermediate results after processing 40 regions...
Intermediate results saved.


Saving intermediate results after processing 50 regions...
Intermediate results saved.


Saving intermediate results after processing 60 regions...
Intermediate results saved.


Saving intermediate results after processing 70 regions...
Intermediate results saved.


Saving intermediate results after processing 80 regions...
Intermediate results saved.


Saving intermediate results after processing 90 regions...
Intermediate results saved.


Saving intermediate results after processing 100 regions...
Intermediate results saved.


Saving intermediate results after processing 110 regions...
Intermediate results saved.


Saving intermediate results after processing 120 regions...
Intermediate results saved.


Saving intermediate results after processing 130 regions...
Intermediate results saved.


Saving intermediate results after processing 140 regions...
Intermediate results saved.


Saving intermediate results after processing 150 regions...
Intermediate results saved.


Saving intermediate results after processing 160 regions...
Intermediate results saved.


Saving intermediate results after processing 170 regions...
Intermediate results saved.


Saving intermediate results after processing 180 regions...
Intermediate results saved.


Saving intermediate results after processing 190 regions...
Intermediate results saved.


Saving intermediate results after processing 200 regions...
Intermediate results saved.


Saving intermediate results after processing 210 regions...
Intermediate results saved.


Saving intermediate results after processing 220 regions...
Intermediate results saved.


Saving intermediate results after processing 230 regions...
Intermediate results saved.


Saving intermediate results after processing 240 regions...
Intermediate results saved.


Saving intermediate results after processing 250 regions...
Intermediate results saved.


Saving intermediate results after processing 260 regions...
Intermediate results saved.


Saving intermediate results after processing 270 regions...
Intermediate results saved.


Saving intermediate results after processing 280 regions...
Intermediate results saved.


Saving intermediate results after processing 290 regions...
Intermediate results saved.


Saving intermediate results after processing 300 regions...
Intermediate results saved.


Saving intermediate results after processing 310 regions...
Intermediate results saved.


Saving intermediate results after processing 320 regions...
Intermediate results saved.


Saving intermediate results after processing 330 regions...
Intermediate results saved.

Too many (2150) cell per target downsampled to 2000

Saving intermediate results after processing 340 regions...
Intermediate results saved.


Saving intermediate results after processing 350 regions...
Intermediate results saved.


Saving intermediate results after processing 360 regions...
Intermediate results saved.


Saving intermediate results after processing 370 regions...
Intermediate results saved.


Saving intermediate results after processing 380 regions...
Intermediate results saved.


Saving intermediate results after processing 390 regions...
Intermediate results saved.


Saving intermediate results after processing 400 regions...
Intermediate results saved.


Saving intermediate results after processing 410 regions...
Intermediate results saved.


Saving intermediate results after processing 420 regions...
Intermediate results saved.


Saving intermediate results after processing 430 regions...
Intermediate results saved.


Saving intermediate results after processing 440 regions...
Intermediate results saved.


Saving intermediate results after processing 450 regions...
Intermediate results saved.


Saving intermediate results after processing 460 regions...
Intermediate results saved.


Saving intermediate results after processing 470 regions...
Intermediate results saved.


Saving intermediate results after processing 480 regions...
Intermediate results saved.


Saving intermediate results after processing 490 regions...
Intermediate results saved.


Saving intermediate results after processing 500 regions...
Intermediate results saved.


Saving intermediate results after processing 510 regions...
Intermediate results saved.

Too many (2167) cell per target downsampled to 2000

Saving intermediate results after processing 520 regions...
Intermediate results saved.


Saving intermediate results after processing 530 regions...
Intermediate results saved.


Saving intermediate results after processing 540 regions...
Intermediate results saved.


Saving intermediate results after processing 550 regions...
Intermediate results saved.


Saving intermediate results after processing 560 regions...
Intermediate results saved.


Saving intermediate results after processing 570 regions...
Intermediate results saved.


Saving intermediate results after processing 580 regions...
Intermediate results saved.


Saving intermediate results after processing 590 regions...
Intermediate results saved.


Saving intermediate results after processing 600 regions...
Intermediate results saved.


Saving intermediate results after processing 610 regions...
Intermediate results saved.


Saving intermediate results after processing 620 regions...
Intermediate results saved.


Saving intermediate results after processing 630 regions...
Intermediate results saved.


Saving intermediate results after processing 640 regions...
Intermediate results saved.


Saving intermediate results after processing 650 regions...
Intermediate results saved.


Saving intermediate results after processing 660 regions...
Intermediate results saved.


Saving intermediate results after processing 670 regions...
Intermediate results saved.


Saving intermediate results after processing 680 regions...
Intermediate results saved.


Saving intermediate results after processing 690 regions...
Intermediate results saved.


Saving intermediate results after processing 700 regions...
Intermediate results saved.


Saving intermediate results after processing 710 regions...
Intermediate results saved.


Saving intermediate results after processing 720 regions...
Intermediate results saved.


Saving intermediate results after processing 730 regions...
Intermediate results saved.


Saving intermediate results after processing 740 regions...
Intermediate results saved.


Saving intermediate results after processing 750 regions...
Intermediate results saved.


Saving intermediate results after processing 760 regions...
Intermediate results saved.


Saving intermediate results after processing 770 regions...
Intermediate results saved.


Saving intermediate results after processing 780 regions...
Intermediate results saved.


Saving intermediate results after processing 790 regions...
Intermediate results saved.


Saving intermediate results after processing 800 regions...
Intermediate results saved.


Saving intermediate results after processing 810 regions...
Intermediate results saved.


Saving intermediate results after processing 820 regions...
Intermediate results saved.


Saving intermediate results after processing 830 regions...
Intermediate results saved.


Saving intermediate results after processing 840 regions...
Intermediate results saved.


Saving intermediate results after processing 850 regions...
Intermediate results saved.


Saving intermediate results after processing 860 regions...
Intermediate results saved.


Saving intermediate results after processing 870 regions...
Intermediate results saved.


Saving intermediate results after processing 880 regions...
Intermediate results saved.


Saving intermediate results after processing 890 regions...
Intermediate results saved.


Saving intermediate results after processing 900 regions...
Intermediate results saved.


Saving intermediate results after processing 910 regions...
Intermediate results saved.


Saving intermediate results after processing 920 regions...
Intermediate results saved.


Saving intermediate results after processing 930 regions...
Intermediate results saved.


Saving intermediate results after processing 940 regions...
Intermediate results saved.


Saving intermediate results after processing 950 regions...
Intermediate results saved.


Saving intermediate results after processing 960 regions...
Intermediate results saved.


Saving intermediate results after processing 970 regions...
Intermediate results saved.


Saving intermediate results after processing 980 regions...
Intermediate results saved.


Saving intermediate results after processing 990 regions...
Intermediate results saved.


Saving intermediate results after processing 1000 regions...
Intermediate results saved.


Saving intermediate results after processing 1010 regions...
Intermediate results saved.


Saving intermediate results after processing 1020 regions...
Intermediate results saved.


Saving intermediate results after processing 1030 regions...
Intermediate results saved.


Saving intermediate results after processing 1040 regions...
Intermediate results saved.


Saving intermediate results after processing 1050 regions...
Intermediate results saved.


Saving intermediate results after processing 1060 regions...
Intermediate results saved.


Saving intermediate results after processing 1070 regions...
Intermediate results saved.


Saving intermediate results after processing 1080 regions...
Intermediate results saved.


Saving intermediate results after processing 1090 regions...
Intermediate results saved.


Saving intermediate results after processing 1100 regions...
Intermediate results saved.


Saving intermediate results after processing 1110 regions...
Intermediate results saved.


Saving intermediate results after processing 1120 regions...
Intermediate results saved.


Saving intermediate results after processing 1130 regions...
Intermediate results saved.


Saving intermediate results after processing 1140 regions...
Intermediate results saved.


Saving intermediate results after processing 1150 regions...
Intermediate results saved.


Saving intermediate results after processing 1160 regions...
Intermediate results saved.


Saving intermediate results after processing 1170 regions...
Intermediate results saved.


Saving intermediate results after processing 1180 regions...
Intermediate results saved.


Saving intermediate results after processing 1190 regions...
Intermediate results saved.


Saving intermediate results after processing 1200 regions...
Intermediate results saved.


Saving intermediate results after processing 1210 regions...
Intermediate results saved.


Saving intermediate results after processing 1220 regions...
Intermediate results saved.

Too many (4531) cell per target downsampled to 2000

Saving intermediate results after processing 1230 regions...
Intermediate results saved.


Saving intermediate results after processing 1240 regions...
Intermediate results saved.


Saving intermediate results after processing 1250 regions...
Intermediate results saved.


Saving intermediate results after processing 1260 regions...
Intermediate results saved.


Saving intermediate results after processing 1270 regions...
Intermediate results saved.


Saving intermediate results after processing 1280 regions...
Intermediate results saved.


Saving intermediate results after processing 1290 regions...
Intermediate results saved.


Saving intermediate results after processing 1300 regions...
Intermediate results saved.


Saving intermediate results after processing 1310 regions...
Intermediate results saved.


Saving intermediate results after processing 1320 regions...
Intermediate results saved.


Saving intermediate results after processing 1330 regions...
Intermediate results saved.


Saving intermediate results after processing 1340 regions...
Intermediate results saved.


Saving intermediate results after processing 1350 regions...
Intermediate results saved.


Saving intermediate results after processing 1360 regions...
Intermediate results saved.


Saving intermediate results after processing 1370 regions...
Intermediate results saved.


Saving intermediate results after processing 1380 regions...
Intermediate results saved.


Saving intermediate results after processing 1390 regions...
Intermediate results saved.


Saving intermediate results after processing 1400 regions...
Intermediate results saved.


Saving intermediate results after processing 1410 regions...
Intermediate results saved.


Saving intermediate results after processing 1420 regions...
Intermediate results saved.


Saving intermediate results after processing 1430 regions...
Intermediate results saved.


Saving intermediate results after processing 1440 regions...
Intermediate results saved.


Saving intermediate results after processing 1450 regions...
Intermediate results saved.


Saving intermediate results after processing 1460 regions...
Intermediate results saved.


Saving intermediate results after processing 1470 regions...
Intermediate results saved.


Saving intermediate results after processing 1480 regions...
Intermediate results saved.


Saving intermediate results after processing 1490 regions...
Intermediate results saved.


Saving intermediate results after processing 1500 regions...
Intermediate results saved.


Saving intermediate results after processing 1510 regions...
Intermediate results saved.


Saving intermediate results after processing 1520 regions...
Intermediate results saved.


Saving intermediate results after processing 1530 regions...
Intermediate results saved.


Saving intermediate results after processing 1540 regions...
Intermediate results saved.


Saving intermediate results after processing 1550 regions...
Intermediate results saved.


Saving intermediate results after processing 1560 regions...
Intermediate results saved.


Saving intermediate results after processing 1570 regions...
Intermediate results saved.


Saving intermediate results after processing 1580 regions...
Intermediate results saved.


Saving intermediate results after processing 1590 regions...
Intermediate results saved.


Saving intermediate results after processing 1600 regions...
Intermediate results saved.


Saving intermediate results after processing 1610 regions...
Intermediate results saved.


Saving intermediate results after processing 1620 regions...
Intermediate results saved.


Saving intermediate results after processing 1630 regions...
Intermediate results saved.


Saving intermediate results after processing 1640 regions...
Intermediate results saved.


Saving intermediate results after processing 1650 regions...
Intermediate results saved.


Saving intermediate results after processing 1660 regions...
Intermediate results saved.


Saving intermediate results after processing 1670 regions...
Intermediate results saved.


Saving intermediate results after processing 1680 regions...
Intermediate results saved.


Saving intermediate results after processing 1690 regions...
Intermediate results saved.


Saving intermediate results after processing 1700 regions...
Intermediate results saved.


Saving intermediate results after processing 1710 regions...
Intermediate results saved.


Saving intermediate results after processing 1720 regions...
Intermediate results saved.


Saving intermediate results after processing 1730 regions...
Intermediate results saved.


Saving intermediate results after processing 1740 regions...
Intermediate results saved.


Saving intermediate results after processing 1750 regions...
Intermediate results saved.


Saving intermediate results after processing 1760 regions...
Intermediate results saved.


Saving intermediate results after processing 1770 regions...
Intermediate results saved.


Saving intermediate results after processing 1780 regions...
Intermediate results saved.

Too many (3982) cell per target downsampled to 2000

Saving intermediate results after processing 1790 regions...
Intermediate results saved.


Saving intermediate results after processing 1800 regions...
Intermediate results saved.


Saving intermediate results after processing 1810 regions...
Intermediate results saved.


Saving intermediate results after processing 1820 regions...
Intermediate results saved.


Saving intermediate results after processing 1830 regions...
Intermediate results saved.


Saving intermediate results after processing 1840 regions...
Intermediate results saved.


Saving intermediate results after processing 1850 regions...
Intermediate results saved.


Saving intermediate results after processing 1860 regions...
Intermediate results saved.


Saving intermediate results after processing 1870 regions...
Intermediate results saved.


Saving intermediate results after processing 1880 regions...
Intermediate results saved.


Saving intermediate results after processing 1890 regions...
Intermediate results saved.


Saving intermediate results after processing 1900 regions...
Intermediate results saved.


Saving intermediate results after processing 1910 regions...
Intermediate results saved.


Saving intermediate results after processing 1920 regions...
Intermediate results saved.


Saving intermediate results after processing 1930 regions...
Intermediate results saved.


Saving intermediate results after processing 1940 regions...
Intermediate results saved.


Saving intermediate results after processing 1950 regions...
Intermediate results saved.


Saving intermediate results after processing 1960 regions...
Intermediate results saved.


Saving intermediate results after processing 1970 regions...
Intermediate results saved.


Saving intermediate results after processing 1980 regions...
Intermediate results saved.


Saving intermediate results after processing 1990 regions...
Intermediate results saved.


Saving intermediate results after processing 2000 regions...
Intermediate results saved.


Saving intermediate results after processing 2010 regions...
Intermediate results saved.


Saving intermediate results after processing 2020 regions...
Intermediate results saved.


Saving intermediate results after processing 2030 regions...
Intermediate results saved.


Saving intermediate results after processing 2040 regions...
Intermediate results saved.


Saving intermediate results after processing 2050 regions...
Intermediate results saved.


Saving intermediate results after processing 2060 regions...
Intermediate results saved.


Saving intermediate results after processing 2070 regions...
Intermediate results saved.


Saving intermediate results after processing 2080 regions...
Intermediate results saved.

Too many (5745) cell per target downsampled to 2000

Saving intermediate results after processing 2090 regions...
Intermediate results saved.


Saving intermediate results after processing 2100 regions...
Intermediate results saved.


Saving intermediate results after processing 2110 regions...
Intermediate results saved.


Saving intermediate results after processing 2120 regions...
Intermediate results saved.


Saving intermediate results after processing 2130 regions...
Intermediate results saved.


Saving intermediate results after processing 2140 regions...
Intermediate results saved.


Saving intermediate results after processing 2150 regions...
Intermediate results saved.


Processing complete. Saving final results...
Final results saved to /project/GCRB/Hon_lab/s223695/Data_project/Perturb_seq_edist_pipeline/stable_version/pipeline_output/pval_edist_full.csv
[Step2_1] visualize results of energy distance analysis
Folder already exist /project/GCRB/Hon_lab/s223695/Data_project/Perturb_seq_edist_pipeline/stable_version/pipeline_output/image
Load csv formated annotation file
annotation file loaded
--------
safe-targeting: 0 gRNAs
non-targeting: 600 gRNAs
targeting: 13142 gRNAs
positive control: 18 gRNAs
negative control: 598 gRNAs
variant: 0 gRNAs
Number of regions in each type:
negative control : 98
positive control : 3
targeting : 2054
All steps completed successfully.
